// Jest Snapshot v1, https://goo.gl/fbAQLP

exports[`renders correctly 1`] = `
<View
  style={
    Object {
      "flex": 1,
    }
  }
>
  <View
    style={
      Object {
        "backgroundColor": "white",
        "flex": 4,
      }
    }
  >
    <View
      style={
        Object {
          "alignItems": "center",
          "flex": 1,
        }
      }
    >
      <View
        style={
          Array [
            Object {
              "position": "absolute",
            },
            Object {
              "top": -20,
            },
          ]
        }
      >
        <Image
          source={
            Object {
              "testUri": "../../../assets/header.jpeg",
            }
          }
          style={
            Object {
              "flex": 1,
              "resizeMode": "cover",
            }
          }
        />
      </View>
    </View>
    <View
      style={
        Object {
          "alignItems": "center",
          "flex": 1,
        }
      }
    >
      <Image
        source={
          Object {
            "testUri": "../../../assets/avatar100.jpeg",
          }
        }
        style={
          Object {
            "borderRadius": 50,
            "top": -70,
          }
        }
      />
      <Text
        accessible={true}
        allowFontScaling={true}
        ellipsizeMode="tail"
        style={
          Object {
            "fontSize": 20,
            "fontWeight": "bold",
            "top": -65,
          }
        }
      >
        Jessica Harsh
      </Text>
      <View
        style={
          Object {
            "flex": 1,
            "flexDirection": "row",
            "justifyContent": "space-evenly",
            "paddingHorizontal": 50,
            "top": -40,
          }
        }
      >
        <View
          style={
            Object {
              "alignItems": "center",
              "flex": 1,
              "justifyContent": "center",
            }
          }
        >
          <Text
            accessible={true}
            allowFontScaling={true}
            ellipsizeMode="tail"
            style={
              Object {
                "fontSize": 18,
                "fontWeight": "bold",
              }
            }
          >
            3
          </Text>
          <Text
            accessible={true}
            allowFontScaling={true}
            ellipsizeMode="tail"
            style={
              Object {
                "color": "lightgray",
              }
            }
          >
            trip
          </Text>
        </View>
        <View
          style={
            Object {
              "alignSelf": "center",
              "borderRightColor": "lightgray",
              "borderRightWidth": 1,
              "height": 30,
            }
          }
        />
        <View
          style={
            Object {
              "alignItems": "center",
              "flex": 1,
              "justifyContent": "center",
            }
          }
        >
          <Text
            accessible={true}
            allowFontScaling={true}
            ellipsizeMode="tail"
            style={
              Object {
                "fontSize": 18,
                "fontWeight": "bold",
              }
            }
          >
            3
          </Text>
          <Text
            accessible={true}
            allowFontScaling={true}
            ellipsizeMode="tail"
            style={
              Object {
                "color": "lightgray",
              }
            }
          >
            following
          </Text>
        </View>
        <View
          style={
            Object {
              "alignSelf": "center",
              "borderRightColor": "lightgray",
              "borderRightWidth": 1,
              "height": 30,
            }
          }
        />
        <View
          style={
            Object {
              "alignItems": "center",
              "flex": 1,
              "justifyContent": "center",
            }
          }
        >
          <Text
            accessible={true}
            allowFontScaling={true}
            ellipsizeMode="tail"
            style={
              Object {
                "fontSize": 18,
                "fontWeight": "bold",
              }
            }
          >
            250
          </Text>
          <Text
            accessible={true}
            allowFontScaling={true}
            ellipsizeMode="tail"
            style={
              Object {
                "color": "lightgray",
              }
            }
          >
            followers
          </Text>
        </View>
      </View>
    </View>
  </View>
  <View
    style={
      Object {
        "flex": 6,
      }
    }
  >
    <View
      style={
        Object {
          "alignItems": "center",
          "backgroundColor": "lightgray",
          "flexDirection": "row",
          "height": 40,
          "justifyContent": "space-evenly",
          "paddingHorizontal": 50,
        }
      }
    >
      <View
        accessibilityComponentType={undefined}
        accessibilityLabel={undefined}
        accessibilityTraits={undefined}
        accessible={true}
        collapsable={undefined}
        hasTVPreferredFocus={undefined}
        hitSlop={undefined}
        isTVSelectable={true}
        nativeID={undefined}
        onLayout={undefined}
        onResponderGrant={[Function]}
        onResponderMove={[Function]}
        onResponderRelease={[Function]}
        onResponderTerminate={[Function]}
        onResponderTerminationRequest={[Function]}
        onStartShouldSetResponder={[Function]}
        style={
          Object {
            "borderBottomColor": "#5B97C8",
            "borderBottomWidth": 3,
            "height": 40,
            "justifyContent": "center",
            "opacity": 1,
            "paddingHorizontal": 10,
          }
        }
        testID={undefined}
        tvParallaxProperties={undefined}
      >
        <Text
          accessible={true}
          allowFontScaling={true}
          ellipsizeMode="tail"
          style={
            Object {
              "fontWeight": "bold",
            }
          }
        >
          FUTURE
        </Text>
      </View>
      <View
        accessibilityComponentType={undefined}
        accessibilityLabel={undefined}
        accessibilityTraits={undefined}
        accessible={true}
        collapsable={undefined}
        hasTVPreferredFocus={undefined}
        hitSlop={undefined}
        isTVSelectable={true}
        nativeID={undefined}
        onLayout={undefined}
        onResponderGrant={[Function]}
        onResponderMove={[Function]}
        onResponderRelease={[Function]}
        onResponderTerminate={[Function]}
        onResponderTerminationRequest={[Function]}
        onStartShouldSetResponder={[Function]}
        style={
          Object {
            "borderBottomColor": "lightgray",
            "borderBottomWidth": 3,
            "height": 40,
            "justifyContent": "center",
            "opacity": 1,
            "paddingHorizontal": 10,
          }
        }
        testID={undefined}
        tvParallaxProperties={undefined}
      >
        <Text
          accessible={true}
          allowFontScaling={true}
          ellipsizeMode="tail"
          style={
            Object {
              "fontWeight": "bold",
            }
          }
        >
          JOINED
        </Text>
      </View>
      <View
        accessibilityComponentType={undefined}
        accessibilityLabel={undefined}
        accessibilityTraits={undefined}
        accessible={true}
        collapsable={undefined}
        hasTVPreferredFocus={undefined}
        hitSlop={undefined}
        isTVSelectable={true}
        nativeID={undefined}
        onLayout={undefined}
        onResponderGrant={[Function]}
        onResponderMove={[Function]}
        onResponderRelease={[Function]}
        onResponderTerminate={[Function]}
        onResponderTerminationRequest={[Function]}
        onStartShouldSetResponder={[Function]}
        style={
          Object {
            "borderBottomColor": "lightgray",
            "borderBottomWidth": 3,
            "height": 40,
            "justifyContent": "center",
            "opacity": 1,
            "paddingHorizontal": 10,
          }
        }
        testID={undefined}
        tvParallaxProperties={undefined}
      >
        <Text
          accessible={true}
          allowFontScaling={true}
          ellipsizeMode="tail"
          style={
            Object {
              "fontWeight": "bold",
            }
          }
        >
          PAST
        </Text>
      </View>
    </View>
    <View
      style={
        Object {
          "flex": 1,
        }
      }
    >
      <RCTScrollView>
        <View>
          <View
            style={
              Object {
                "height": "18%",
              }
            }
          >
            <View
              style={
                Array [
                  Object {
                    "position": "absolute",
                  },
                  undefined,
                ]
              }
            >
              <Image
                source={
                  Object {
                    "testUri": "../../../assets/trip.jpeg",
                  }
                }
                style={
                  Object {
                    "flex": 1,
                    "resizeMode": "cover",
                  }
                }
              />
            </View>
            <View
              style={
                Object {
                  "flexDirection": "row",
                  "padding": 13,
                }
              }
            >
              <Image
                source={
                  Object {
                    "testUri": "../../../assets/avatar50.jpeg",
                  }
                }
                style={
                  Object {
                    "borderRadius": 50,
                    "marginRight": 10,
                  }
                }
              />
              <View
                style={
                  Object {
                    "width": "75%",
                  }
                }
              >
                <Text
                  accessible={true}
                  allowFontScaling={true}
                  ellipsizeMode="tail"
                  style={
                    Object {
                      "color": "white",
                      "fontSize": 16,
                    }
                  }
                >
                  Trip title
                </Text>
                <Text
                  accessible={true}
                  allowFontScaling={true}
                  ellipsizeMode="tail"
                  style={
                    Object {
                      "color": "white",
                      "fontSize": 16,
                    }
                  }
                >
                  Location
                  , 
                  Country
                </Text>
              </View>
              <View
                style={
                  Object {
                    "alignItems": "center",
                  }
                }
              >
                <Text
                  accessible={true}
                  allowFontScaling={true}
                  ellipsizeMode="tail"
                  style={
                    Object {
                      "color": "red",
                      "fontSize": 16,
                    }
                  }
                >
                  15
                </Text>
                <Text
                  accessible={true}
                  allowFontScaling={true}
                  ellipsizeMode="tail"
                  style={
                    Object {
                      "color": "white",
                      "fontSize": 16,
                    }
                  }
                >
                  July
                </Text>
              </View>
            </View>
          </View>
          <View
            style={
              Object {
                "height": "18%",
              }
            }
          >
            <View
              style={
                Array [
                  Object {
                    "position": "absolute",
                  },
                  undefined,
                ]
              }
            >
              <Image
                source={
                  Object {
                    "testUri": "../../../assets/trip.jpeg",
                  }
                }
                style={
                  Object {
                    "flex": 1,
                    "resizeMode": "cover",
                  }
                }
              />
            </View>
            <View
              style={
                Object {
                  "flexDirection": "row",
                  "padding": 13,
                }
              }
            >
              <Image
                source={
                  Object {
                    "testUri": "../../../assets/avatar50.jpeg",
                  }
                }
                style={
                  Object {
                    "borderRadius": 50,
                    "marginRight": 10,
                  }
                }
              />
              <View
                style={
                  Object {
                    "width": "75%",
                  }
                }
              >
                <Text
                  accessible={true}
                  allowFontScaling={true}
                  ellipsizeMode="tail"
                  style={
                    Object {
                      "color": "white",
                      "fontSize": 16,
                    }
                  }
                >
                  Trip title
                </Text>
                <Text
                  accessible={true}
                  allowFontScaling={true}
                  ellipsizeMode="tail"
                  style={
                    Object {
                      "color": "white",
                      "fontSize": 16,
                    }
                  }
                >
                  Location
                  , 
                  Country
                </Text>
              </View>
              <View
                style={
                  Object {
                    "alignItems": "center",
                  }
                }
              >
                <Text
                  accessible={true}
                  allowFontScaling={true}
                  ellipsizeMode="tail"
                  style={
                    Object {
                      "color": "red",
                      "fontSize": 16,
                    }
                  }
                >
                  15
                </Text>
                <Text
                  accessible={true}
                  allowFontScaling={true}
                  ellipsizeMode="tail"
                  style={
                    Object {
                      "color": "white",
                      "fontSize": 16,
                    }
                  }
                >
                  July
                </Text>
              </View>
            </View>
          </View>
          <View
            style={
              Object {
                "height": "18%",
              }
            }
          >
            <View
              style={
                Array [
                  Object {
                    "position": "absolute",
                  },
                  undefined,
                ]
              }
            >
              <Image
                source={
                  Object {
                    "testUri": "../../../assets/trip.jpeg",
                  }
                }
                style={
                  Object {
                    "flex": 1,
                    "resizeMode": "cover",
                  }
                }
              />
            </View>
            <View
              style={
                Object {
                  "flexDirection": "row",
                  "padding": 13,
                }
              }
            >
              <Image
                source={
                  Object {
                    "testUri": "../../../assets/avatar50.jpeg",
                  }
                }
                style={
                  Object {
                    "borderRadius": 50,
                    "marginRight": 10,
                  }
                }
              />
              <View
                style={
                  Object {
                    "width": "75%",
                  }
                }
              >
                <Text
                  accessible={true}
                  allowFontScaling={true}
                  ellipsizeMode="tail"
                  style={
                    Object {
                      "color": "white",
                      "fontSize": 16,
                    }
                  }
                >
                  Trip title
                </Text>
                <Text
                  accessible={true}
                  allowFontScaling={true}
                  ellipsizeMode="tail"
                  style={
                    Object {
                      "color": "white",
                      "fontSize": 16,
                    }
                  }
                >
                  Location
                  , 
                  Country
                </Text>
              </View>
              <View
                style={
                  Object {
                    "alignItems": "center",
                  }
                }
              >
                <Text
                  accessible={true}
                  allowFontScaling={true}
                  ellipsizeMode="tail"
                  style={
                    Object {
                      "color": "red",
                      "fontSize": 16,
                    }
                  }
                >
                  15
                </Text>
                <Text
                  accessible={true}
                  allowFontScaling={true}
                  ellipsizeMode="tail"
                  style={
                    Object {
                      "color": "white",
                      "fontSize": 16,
                    }
                  }
                >
                  July
                </Text>
              </View>
            </View>
          </View>
          <View
            style={
              Object {
                "height": "18%",
              }
            }
          >
            <View
              style={
                Array [
                  Object {
                    "position": "absolute",
                  },
                  undefined,
                ]
              }
            >
              <Image
                source={
                  Object {
                    "testUri": "../../../assets/trip.jpeg",
                  }
                }
                style={
                  Object {
                    "flex": 1,
                    "resizeMode": "cover",
                  }
                }
              />
            </View>
            <View
              style={
                Object {
                  "flexDirection": "row",
                  "padding": 13,
                }
              }
            >
              <Image
                source={
                  Object {
                    "testUri": "../../../assets/avatar50.jpeg",
                  }
                }
                style={
                  Object {
                    "borderRadius": 50,
                    "marginRight": 10,
                  }
                }
              />
              <View
                style={
                  Object {
                    "width": "75%",
                  }
                }
              >
                <Text
                  accessible={true}
                  allowFontScaling={true}
                  ellipsizeMode="tail"
                  style={
                    Object {
                      "color": "white",
                      "fontSize": 16,
                    }
                  }
                >
                  Trip title
                </Text>
                <Text
                  accessible={true}
                  allowFontScaling={true}
                  ellipsizeMode="tail"
                  style={
                    Object {
                      "color": "white",
                      "fontSize": 16,
                    }
                  }
                >
                  Location
                  , 
                  Country
                </Text>
              </View>
              <View
                style={
                  Object {
                    "alignItems": "center",
                  }
                }
              >
                <Text
                  accessible={true}
                  allowFontScaling={true}
                  ellipsizeMode="tail"
                  style={
                    Object {
                      "color": "red",
                      "fontSize": 16,
                    }
                  }
                >
                  15
                </Text>
                <Text
                  accessible={true}
                  allowFontScaling={true}
                  ellipsizeMode="tail"
                  style={
                    Object {
                      "color": "white",
                      "fontSize": 16,
                    }
                  }
                >
                  July
                </Text>
              </View>
            </View>
          </View>
          <View
            style={
              Object {
                "height": "18%",
              }
            }
          >
            <View
              style={
                Array [
                  Object {
                    "position": "absolute",
                  },
                  undefined,
                ]
              }
            >
              <Image
                source={
                  Object {
                    "testUri": "../../../assets/trip.jpeg",
                  }
                }
                style={
                  Object {
                    "flex": 1,
                    "resizeMode": "cover",
                  }
                }
              />
            </View>
            <View
              style={
                Object {
                  "flexDirection": "row",
                  "padding": 13,
                }
              }
            >
              <Image
                source={
                  Object {
                    "testUri": "../../../assets/avatar50.jpeg",
                  }
                }
                style={
                  Object {
                    "borderRadius": 50,
                    "marginRight": 10,
                  }
                }
              />
              <View
                style={
                  Object {
                    "width": "75%",
                  }
                }
              >
                <Text
                  accessible={true}
                  allowFontScaling={true}
                  ellipsizeMode="tail"
                  style={
                    Object {
                      "color": "white",
                      "fontSize": 16,
                    }
                  }
                >
                  Trip title
                </Text>
                <Text
                  accessible={true}
                  allowFontScaling={true}
                  ellipsizeMode="tail"
                  style={
                    Object {
                      "color": "white",
                      "fontSize": 16,
                    }
                  }
                >
                  Location
                  , 
                  Country
                </Text>
              </View>
              <View
                style={
                  Object {
                    "alignItems": "center",
                  }
                }
              >
                <Text
                  accessible={true}
                  allowFontScaling={true}
                  ellipsizeMode="tail"
                  style={
                    Object {
                      "color": "red",
                      "fontSize": 16,
                    }
                  }
                >
                  15
                </Text>
                <Text
                  accessible={true}
                  allowFontScaling={true}
                  ellipsizeMode="tail"
                  style={
                    Object {
                      "color": "white",
                      "fontSize": 16,
                    }
                  }
                >
                  July
                </Text>
              </View>
            </View>
          </View>
          <View
            style={
              Object {
                "height": "18%",
              }
            }
          >
            <View
              style={
                Array [
                  Object {
                    "position": "absolute",
                  },
                  undefined,
                ]
              }
            >
              <Image
                source={
                  Object {
                    "testUri": "../../../assets/trip.jpeg",
                  }
                }
                style={
                  Object {
                    "flex": 1,
                    "resizeMode": "cover",
                  }
                }
              />
            </View>
            <View
              style={
                Object {
                  "flexDirection": "row",
                  "padding": 13,
                }
              }
            >
              <Image
                source={
                  Object {
                    "testUri": "../../../assets/avatar50.jpeg",
                  }
                }
                style={
                  Object {
                    "borderRadius": 50,
                    "marginRight": 10,
                  }
                }
              />
              <View
                style={
                  Object {
                    "width": "75%",
                  }
                }
              >
                <Text
                  accessible={true}
                  allowFontScaling={true}
                  ellipsizeMode="tail"
                  style={
                    Object {
                      "color": "white",
                      "fontSize": 16,
                    }
                  }
                >
                  Trip title
                </Text>
                <Text
                  accessible={true}
                  allowFontScaling={true}
                  ellipsizeMode="tail"
                  style={
                    Object {
                      "color": "white",
                      "fontSize": 16,
                    }
                  }
                >
                  Location
                  , 
                  Country
                </Text>
              </View>
              <View
                style={
                  Object {
                    "alignItems": "center",
                  }
                }
              >
                <Text
                  accessible={true}
                  allowFontScaling={true}
                  ellipsizeMode="tail"
                  style={
                    Object {
                      "color": "red",
                      "fontSize": 16,
                    }
                  }
                >
                  15
                </Text>
                <Text
                  accessible={true}
                  allowFontScaling={true}
                  ellipsizeMode="tail"
                  style={
                    Object {
                      "color": "white",
                      "fontSize": 16,
                    }
                  }
                >
                  July
                </Text>
              </View>
            </View>
          </View>
          <View
            style={
              Object {
                "height": "18%",
              }
            }
          >
            <View
              style={
                Array [
                  Object {
                    "position": "absolute",
                  },
                  undefined,
                ]
              }
            >
              <Image
                source={
                  Object {
                    "testUri": "../../../assets/trip.jpeg",
                  }
                }
                style={
                  Object {
                    "flex": 1,
                    "resizeMode": "cover",
                  }
                }
              />
            </View>
            <View
              style={
                Object {
                  "flexDirection": "row",
                  "padding": 13,
                }
              }
            >
              <Image
                source={
                  Object {
                    "testUri": "../../../assets/avatar50.jpeg",
                  }
                }
                style={
                  Object {
                    "borderRadius": 50,
                    "marginRight": 10,
                  }
                }
              />
              <View
                style={
                  Object {
                    "width": "75%",
                  }
                }
              >
                <Text
                  accessible={true}
                  allowFontScaling={true}
                  ellipsizeMode="tail"
                  style={
                    Object {
                      "color": "white",
                      "fontSize": 16,
                    }
                  }
                >
                  Trip title
                </Text>
                <Text
                  accessible={true}
                  allowFontScaling={true}
                  ellipsizeMode="tail"
                  style={
                    Object {
                      "color": "white",
                      "fontSize": 16,
                    }
                  }
                >
                  Location
                  , 
                  Country
                </Text>
              </View>
              <View
                style={
                  Object {
                    "alignItems": "center",
                  }
                }
              >
                <Text
                  accessible={true}
                  allowFontScaling={true}
                  ellipsizeMode="tail"
                  style={
                    Object {
                      "color": "red",
                      "fontSize": 16,
                    }
                  }
                >
                  15
                </Text>
                <Text
                  accessible={true}
                  allowFontScaling={true}
                  ellipsizeMode="tail"
                  style={
                    Object {
                      "color": "white",
                      "fontSize": 16,
                    }
                  }
                >
                  July
                </Text>
              </View>
            </View>
          </View>
          <View
            style={
              Object {
                "height": "18%",
              }
            }
          >
            <View
              style={
                Array [
                  Object {
                    "position": "absolute",
                  },
                  undefined,
                ]
              }
            >
              <Image
                source={
                  Object {
                    "testUri": "../../../assets/trip.jpeg",
                  }
                }
                style={
                  Object {
                    "flex": 1,
                    "resizeMode": "cover",
                  }
                }
              />
            </View>
            <View
              style={
                Object {
                  "flexDirection": "row",
                  "padding": 13,
                }
              }
            >
              <Image
                source={
                  Object {
                    "testUri": "../../../assets/avatar50.jpeg",
                  }
                }
                style={
                  Object {
                    "borderRadius": 50,
                    "marginRight": 10,
                  }
                }
              />
              <View
                style={
                  Object {
                    "width": "75%",
                  }
                }
              >
                <Text
                  accessible={true}
                  allowFontScaling={true}
                  ellipsizeMode="tail"
                  style={
                    Object {
                      "color": "white",
                      "fontSize": 16,
                    }
                  }
                >
                  Trip title
                </Text>
                <Text
                  accessible={true}
                  allowFontScaling={true}
                  ellipsizeMode="tail"
                  style={
                    Object {
                      "color": "white",
                      "fontSize": 16,
                    }
                  }
                >
                  Location
                  , 
                  Country
                </Text>
              </View>
              <View
                style={
                  Object {
                    "alignItems": "center",
                  }
                }
              >
                <Text
                  accessible={true}
                  allowFontScaling={true}
                  ellipsizeMode="tail"
                  style={
                    Object {
                      "color": "red",
                      "fontSize": 16,
                    }
                  }
                >
                  15
                </Text>
                <Text
                  accessible={true}
                  allowFontScaling={true}
                  ellipsizeMode="tail"
                  style={
                    Object {
                      "color": "white",
                      "fontSize": 16,
                    }
                  }
                >
                  July
                </Text>
              </View>
            </View>
          </View>
          <View
            style={
              Object {
                "height": "18%",
              }
            }
          >
            <View
              style={
                Array [
                  Object {
                    "position": "absolute",
                  },
                  undefined,
                ]
              }
            >
              <Image
                source={
                  Object {
                    "testUri": "../../../assets/trip.jpeg",
                  }
                }
                style={
                  Object {
                    "flex": 1,
                    "resizeMode": "cover",
                  }
                }
              />
            </View>
            <View
              style={
                Object {
                  "flexDirection": "row",
                  "padding": 13,
                }
              }
            >
              <Image
                source={
                  Object {
                    "testUri": "../../../assets/avatar50.jpeg",
                  }
                }
                style={
                  Object {
                    "borderRadius": 50,
                    "marginRight": 10,
                  }
                }
              />
              <View
                style={
                  Object {
                    "width": "75%",
                  }
                }
              >
                <Text
                  accessible={true}
                  allowFontScaling={true}
                  ellipsizeMode="tail"
                  style={
                    Object {
                      "color": "white",
                      "fontSize": 16,
                    }
                  }
                >
                  Trip title
                </Text>
                <Text
                  accessible={true}
                  allowFontScaling={true}
                  ellipsizeMode="tail"
                  style={
                    Object {
                      "color": "white",
                      "fontSize": 16,
                    }
                  }
                >
                  Location
                  , 
                  Country
                </Text>
              </View>
              <View
                style={
                  Object {
                    "alignItems": "center",
                  }
                }
              >
                <Text
                  accessible={true}
                  allowFontScaling={true}
                  ellipsizeMode="tail"
                  style={
                    Object {
                      "color": "red",
                      "fontSize": 16,
                    }
                  }
                >
                  15
                </Text>
                <Text
                  accessible={true}
                  allowFontScaling={true}
                  ellipsizeMode="tail"
                  style={
                    Object {
                      "color": "white",
                      "fontSize": 16,
                    }
                  }
                >
                  July
                </Text>
              </View>
            </View>
          </View>
        </View>
      </RCTScrollView>
    </View>
  </View>
</View>
`;
